[12:08:20] Log: C:\Site conta-certa\logs\boot-2026-09-09-120820.log
[12:08:20] [1/6] Verificando Docker...
[12:08:20]   Docker OK
[12:08:20] [2/6] Garantindo Postgres Docker (5433)...
[12:08:26]   Postgres Docker OK
[12:08:28]   Aviso: Postgres local 5432 ativo (dados REAIS intocados)
[12:08:28] [3/6] Liberando portas ocupadas...
[12:08:28]   Liberando porta 5173 (PID 26948 - node)
[12:08:30]   Liberando porta 3001 (PID 1420 - node)
[12:08:32]   Liberando porta 3002 (PID 27372 - node)
[12:08:34]   Liberando porta 8000 (PID 10384 - python)
[12:08:36]   Liberando porta 5174 (PID 27324 - node)
[12:08:38]   Portas verificadas
[12:08:38] [4/6] Site Conta Certa...
[12:08:53]   Backend subindo... acompanhe a janela aberta
[12:09:06]   Frontend OK (5173)
[12:09:06] [5/6] Radar Conta Certa...
[12:09:11]   Aguardando health do backend (ate 60s)...
[12:09:24]   Backend OK (3001)
[12:09:39]   Frontend OK (3002)
[12:09:39] [6/6] Extrator Bancario...
[12:09:44]   Aguardando FastAPI /docs (ate 45s)...
[12:10:32]   Sem resposta: rode pip install -r requirements.txt no venv do extrator
[12:10:45]   Frontend OK (5174)
